MPLINK 5.08, LINKER
Linker Map File - Created Fri Dec 11 01:07:51 2020

                                 Section Info
                  Section       Type    Address   Location Size(Bytes)
                ---------  ---------  ---------  ---------  ---------
                   .org_0       code   0x000000    program   0x000002
                   .cinit    romdata   0x000001    program   0x000004
                   .org_1       code   0x000004    program   0x00004c



                              Program Memory Usage 
                               Start         End      
                           ---------   ---------      
                            0x000000    0x000002      
                            0x000004    0x000029      
            41 out of 1094 program addresses used, program memory utilization is 3%



                              Symbols - Sorted by Name
                     Name    Address   Location    Storage File                     
                ---------  ---------  ---------  --------- ---------                
                     Main   0x000008    program     static E:\E-16-103\LAB2\part 2\lab part2.X\recorrection.asm
                   delay1   0x000020    program     static E:\E-16-103\LAB2\part 2\lab part2.X\recorrection.asm
                   delay2   0x000025    program     static E:\E-16-103\LAB2\part 2\lab part2.X\recorrection.asm
                      led   0x000019    program     static E:\E-16-103\LAB2\part 2\lab part2.X\recorrection.asm
                    loop1   0x000017    program     static E:\E-16-103\LAB2\part 2\lab part2.X\recorrection.asm
                    loop2   0x000020    program     static E:\E-16-103\LAB2\part 2\lab part2.X\recorrection.asm
                    loop3   0x000025    program     static E:\E-16-103\LAB2\part 2\lab part2.X\recorrection.asm



                              Symbols - Sorted by Address
                     Name    Address   Location    Storage File                     
                ---------  ---------  ---------  --------- ---------                
                     Main   0x000008    program     static E:\E-16-103\LAB2\part 2\lab part2.X\recorrection.asm
                    loop1   0x000017    program     static E:\E-16-103\LAB2\part 2\lab part2.X\recorrection.asm
                      led   0x000019    program     static E:\E-16-103\LAB2\part 2\lab part2.X\recorrection.asm
                   delay1   0x000020    program     static E:\E-16-103\LAB2\part 2\lab part2.X\recorrection.asm
                    loop2   0x000020    program     static E:\E-16-103\LAB2\part 2\lab part2.X\recorrection.asm
                   delay2   0x000025    program     static E:\E-16-103\LAB2\part 2\lab part2.X\recorrection.asm
                    loop3   0x000025    program     static E:\E-16-103\LAB2\part 2\lab part2.X\recorrection.asm


